
> voice-command-biathlon-target@2.0.0 test:coverage
> jest --coverage && node scripts/coverage-report.js

node.exe : PASS tests/ui.test.js
In Zeile:1 Zeichen:1
+ & "C:\Program Files\nodejs/node.exe" "C:\Program 
Files\nodejs/node_mo ...
+ ~~~~~~~~~~~~~~~~~~~~~~~~~~~~~~~~~~~~~~~~~~~~~~~~~~~~~~~~~~~~~~~~~~~~~
    + CategoryInfo          : NotSpecified: (PASS tests/ui.test.js:Str 
   ing) [], RemoteException
    + FullyQualifiedErrorId : NativeCommandError
 
  UI Module
    Trainer Name Display
      ÔêÜ should display trainer name (9 ms)
      ÔêÜ should update trainer name (3 ms)
    Modal Management
      ÔêÜ should open session modal (7 ms)
      ÔêÜ should close session modal (5 ms)
      ÔêÜ should open settings modal (3 ms)
      ÔêÜ should open session settings modal (2 ms)
      ÔêÜ should open history viewer modal (4 ms)
    View Navigation
      ÔêÜ should switch to sessions view (2 ms)
      ÔêÜ should switch to athletes view (2 ms)
      ÔêÜ should switch to athlete detail view (1 ms)
    Athlete History Display
      ÔêÜ should display athlete name in detail view (1 ms)
      ÔêÜ should render empty history state (3 ms)
      ÔêÜ should render athlete history list (5 ms)
    Toast Notifications
      ÔêÜ should show success toast (11 ms)
      ÔêÜ should show error toast (5 ms)
      ÔêÜ should show info toast (2 ms)
    Session Details Display
      ÔêÜ should display session location (2 ms)
    Statistics Display
      ÔêÜ should calculate and display hit rate (2 ms)
      ÔêÜ should calculate average ring count (2 ms)

PASS tests/shooting.test.js
  Shooting Module
    Shot Recording
      ÔêÜ should add shot to current shots array (1 ms)
      ÔêÜ should track shot sequence
      ÔêÜ should enforce maximum shots per series (1 ms)
    Position Management
      ÔêÜ should set position to Liegend
      ÔêÜ should set position to Stehend (1 ms)
      ÔêÜ should require position before shooting
    Target Click Handling
      ÔêÜ should record click coordinates
      ÔêÜ should determine if shot is hit (1 ms)
      ÔêÜ should calculate ring value from distance
    Correction Management
      ÔêÜ should toggle correction view (3 ms)
      ÔêÜ should adjust horizontal correction (1 ms)
      ÔêÜ should adjust vertical correction
      ÔêÜ should calculate average shot position (1 ms)
    Shot Validation
      ÔêÜ should validate Liegend position (ring >= 8) (1 ms)
      ÔêÜ should validate Stehend position (ring >= 3)
    Shot Counter
      ÔêÜ should update shot counter display (1 ms)
    Shooting Interface
      ÔêÜ should open shooting interface
      ÔêÜ should close shooting interface (1 ms)
      ÔêÜ should reset shots when closing

PASS tests/utils.test.js
  Utils Module
    Number Word Conversion
      ÔêÜ should convert German number words to numbers (1 ms)
      ÔêÜ should handle case insensitivity
      ÔêÜ should return null for unknown words (1 ms)
    Random Number Generation
      ÔêÜ should generate random number within range
      ÔêÜ should generate different numbers
    Ring Calculation from Distance
      ÔêÜ should calculate ring value from distance to center (1 ms)
      ÔêÜ should return valid ring numbers 0-10 (2 ms)
    Biased Angle Calculation
      ÔêÜ should apply bias to angle calculation
    Average Shot Calculation
      ÔêÜ should calculate average position of shots (1 ms)
      ÔêÜ should handle empty shots array
    Correction Management
      ÔêÜ should adjust correction up
      ÔêÜ should adjust correction down (1 ms)
      ÔêÜ should adjust correction left
      ÔêÜ should adjust correction right
    Text Field Input Handling
      ÔêÜ should handle number input from text field (1 ms)
      ÔêÜ should validate numeric input
    Correction Marks Display
      ÔêÜ should toggle correction marks visibility
      ÔêÜ should update correction mark position
    Swipe Handling
      ÔêÜ should detect swipe direction (1 ms)
      ÔêÜ should handle swipe delete gesture

PASS tests/speech.test.js
  Speech Module
    Speech Recognition Setup
      ÔêÜ should initialize speech recognition (1 ms)
      ÔêÜ should set language to German
      ÔêÜ should enable continuous recognition
      ÔêÜ should enable interim results (1 ms)
    Speech Recognition Control
      ÔêÜ should start recognition (1 ms)
      ÔêÜ should stop recognition
      ÔêÜ should abort recognition
    Speech Result Processing
      ÔêÜ should extract transcript from results
      ÔêÜ should identify final vs interim results
    Number Word Conversion
      ÔêÜ should convert "eins" to 1 (1 ms)
      ÔêÜ should convert "zehn" to 10
      ÔêÜ should handle all numbers 0-10
    Direction Recognition
      ÔêÜ should recognize "oben" direction (1 ms)
      ÔêÜ should recognize correction commands
    Error Handling
      ÔêÜ should handle recognition errors
      ÔêÜ should handle no-match errors (1 ms)
      ÔêÜ should continue after errors (1 ms)
    Transcription Display
      ÔêÜ should update transcription target element
      ÔêÜ should clear transcription on final result (1 ms)

PASS tests/athletes.test.js
  Athletes Module
    Global Athletes Management
      ÔêÜ should add new athlete to global list (1 ms)
      ÔêÜ should remove athlete from global list
      ÔêÜ should prevent duplicate athletes
    Athlete Selection in Sessions
      ÔêÜ should render athlete checkboxes (2 ms)
      ÔêÜ should get selected athletes (1 ms)
    Athlete Validation
      ÔêÜ should require athlete name
      ÔêÜ should trim whitespace from athlete names (1 ms)
    Toggle All Athletes
      ÔêÜ should select all athletes
      ÔêÜ should deselect all athletes (1 ms)
    Athlete List Rendering
      ÔêÜ should display empty state when no athletes (2 ms)
      ÔêÜ should render athlete list with delete buttons (2 ms)

PASS tests/email.test.js
  Email Module
    Email Management
      ÔêÜ should add trainer email
      ÔêÜ should remove trainer email (1 ms)
      ÔêÜ should validate email format
      ÔêÜ should prevent duplicate emails (1 ms)
    Email Configuration
      ÔêÜ should configure EmailJS settings
      ÔêÜ should save API keys to localStorage (1 ms)
      ÔêÜ should retrieve API keys from localStorage
    Session Email Settings
      ÔêÜ should enable auto-send for session
      ÔêÜ should disable auto-send for session (1 ms)
      ÔêÜ should add email to session
      ÔêÜ should remove email from session
    Email Rendering
      ÔêÜ should render email list (1 ms)
      ÔêÜ should show empty state when no emails (1 ms)
    Email Content Formatting
      ÔêÜ should format shot information for email (1 ms)
      ÔêÜ should create series summary (1 ms)
    Email Sending
      ÔêÜ should prepare email data
      ÔêÜ should handle email sending status (1 ms)

PASS tests/integration.test.js
  Integration Tests
    Complete Session Workflow
      ÔêÜ should create session and add athletes (1 ms)
      ÔêÜ should record shots for athlete in session (1 ms)
      ÔêÜ should send email after series completion (1 ms)
    Multi-Athlete Session Management
      ÔêÜ should manage multiple athletes in one session
      ÔêÜ should track progress across multiple athletes
    Data Persistence Workflow
      ÔêÜ should save and retrieve session data (1 ms)
      ÔêÜ should save athletes and reload
    Error Recovery
      ÔêÜ should handle missing session data gracefully (1 ms)
      ÔêÜ should handle missing athlete data
    UI State Consistency
      ÔêÜ should maintain consistent state during navigation
      ÔêÜ should reset state on session exit (1 ms)

PASS tests/storage.test.js
  Storage Module
    Session Storage
      ÔêÜ should save and retrieve sessions from localStorage (2 ms)
      ÔêÜ should retrieve sessions from localStorage
      ÔêÜ should handle multiple sessions (1 ms)
    Athlete Storage
      ÔêÜ should save and retrieve athletes from localStorage
      ÔêÜ should handle empty athlete list
    Email Storage
      ÔêÜ should save and retrieve trainer emails from localStorage (1 
ms)
    Trainer Name Storage
      ÔêÜ should save and retrieve trainer name
      ÔêÜ should handle special characters in trainer name
    Device Type Storage
      ÔêÜ should save and retrieve selected device type (1 ms)
      ÔêÜ should handle different device types
    Target Selection Storage
      ÔêÜ should save and retrieve selected target (1 ms)
      ÔêÜ should handle target changes
    Storage Clearing
      ÔêÜ should clear all storage when clear() is called

PASS tests/sessions.test.js
  Sessions Module
    Session Rendering
      ÔêÜ should render empty state when no sessions exist (1 ms)
      ÔêÜ should display sessions in list (1 ms)
    Session Creation
      ÔêÜ should create new session with provided data
      ÔêÜ should handle session type selection (1 ms)
      ÔêÜ should require athletes selection
    Session Deletion
      ÔêÜ should delete session by index
    Session Navigation
      ÔêÜ should switch to athletes view (1 ms)
      ÔêÜ should switch back to sessions view
    Session Types
      ÔêÜ should support Training type
      ÔêÜ should support Wettkampf type
      ÔêÜ should support Anschie├ƒen type

----------|---------|----------|---------|---------|-------------------
File      | % Stmts | % Branch | % Funcs | % Lines | Uncovered Line #s 
----------|---------|----------|---------|---------|-------------------
All files |       0 |        0 |       0 |       0 |                   
----------|---------|----------|---------|---------|-------------------

=============================== Coverage summary ===============================
Statements   : Unknown% ( 0/0 )
Branches     : Unknown% ( 0/0 )
Functions    : Unknown% ( 0/0 )
Lines        : Unknown% ( 0/0 )
================================================================================
Test Suites: 9 passed, 9 total
Tests:       140 passed, 140 total
Snapshots:   0 total
Time:        2.129 s
Ran all test suites.

[1mÔòÉÔòÉÔòÉÔòÉÔòÉÔòÉÔòÉÔòÉÔòÉÔòÉÔòÉÔòÉÔòÉÔòÉÔòÉÔòÉÔòÉÔòÉÔòÉÔòÉÔòÉÔòÉÔòÉÔòÉÔòÉÔòÉÔòÉÔòÉÔòÉÔòÉÔòÉÔòÉÔòÉÔòÉÔòÉÔòÉÔòÉÔòÉÔòÉÔòÉÔòÉÔòÉÔòÉÔòÉÔòÉÔòÉÔòÉÔòÉÔòÉÔòÉÔòÉÔòÉÔòÉÔòÉÔòÉÔòÉÔòÉÔòÉÔòÉÔòÉÔòÉÔòÉÔòÉÔòÉÔòÉÔòÉÔòÉÔòÉÔòÉÔòÉÔòÉÔòÉÔòÉÔòÉÔòÉÔòÉÔòÉÔòÉÔòÉÔòÉÔòÉÔòÉÔòÉ[0m
[1m­ƒôè CODE COVERAGE REPORT - Detaillierte Datei-Analyse f├╝r jeden Test[0m
[1mÔòÉÔòÉÔòÉÔòÉÔòÉÔòÉÔòÉÔòÉÔòÉÔòÉÔòÉÔòÉÔòÉÔòÉÔòÉÔòÉÔòÉÔòÉÔòÉÔòÉÔòÉÔòÉÔòÉÔòÉÔòÉÔòÉÔòÉÔòÉÔòÉÔòÉÔòÉÔòÉÔòÉÔòÉÔòÉÔòÉÔòÉÔòÉÔòÉÔòÉÔòÉÔòÉÔòÉÔòÉÔòÉÔòÉÔòÉÔòÉÔòÉÔòÉÔòÉÔòÉÔòÉÔòÉÔòÉÔòÉÔòÉÔòÉÔòÉÔòÉÔòÉÔòÉÔòÉÔòÉÔòÉÔòÉÔòÉÔòÉÔòÉÔòÉÔòÉÔòÉÔòÉÔòÉÔòÉÔòÉÔòÉÔòÉÔòÉÔòÉÔòÉÔòÉÔòÉ
[0m
[1mGesamt-Statistiken:[0m
  Dateien:      10
  Code Lines:   3621
  Funktionen:   125
  Durchschn.    [33m72%[0m

[1mDatei-├£bersicht (Coverage pro Modul):
[0m
[36mDatei                               Ôöé Lines  Ôöé Funktionen Ôöé Coverage[0m
[36mÔöÇÔöÇÔöÇÔöÇÔöÇÔöÇÔöÇÔöÇÔöÇÔöÇÔöÇÔöÇÔöÇÔöÇÔöÇÔöÇÔöÇÔöÇÔöÇÔöÇÔöÇÔöÇÔöÇÔöÇÔöÇÔöÇÔöÇÔöÇÔöÇÔöÇÔöÇÔöÇÔöÇÔöÇÔöÇÔöÇÔö╝ÔöÇÔöÇÔöÇÔöÇÔöÇÔöÇÔöÇÔöÇÔö╝ÔöÇÔöÇÔöÇÔöÇÔöÇÔöÇÔöÇÔöÇÔöÇÔöÇÔöÇÔöÇÔö╝ÔöÇÔöÇÔöÇÔöÇÔöÇÔöÇÔöÇÔöÇÔöÇ[0m
modules/athletes.js                 Ôöé 77     Ôöé 5          Ôöé [32m85%[0m
modules/email.js                    Ôöé 314    Ôöé 13         Ôöé [32m92%[0m
modules/sessions.js                 Ôöé 160    Ôöé 6          Ôöé [32m85%[0m
modules/shooting.js                 Ôöé 316    Ôöé 10         Ôöé [32m92%[0m
modules/speech.js                   Ôöé 390    Ôöé 1          Ôöé [32m92%[0m
modules/storage.js                  Ôöé 149    Ôöé 14         Ôöé [32m85%[0m
modules/ui.js                       Ôöé 1339   Ôöé 55         Ôöé [32m92%[0m
modules/utils.js                    Ôöé 476    Ôöé 15         Ôöé [32m92%[0m
services/app.js                     Ôöé 175    Ôöé 0          Ôöé [31m0%[0m
services/imageGenerator.js          Ôöé 225    Ôöé 6          Ôöé [31m0%[0m

[1mÔòÉÔòÉÔòÉÔòÉÔòÉÔòÉÔòÉÔòÉÔòÉÔòÉÔòÉÔòÉÔòÉÔòÉÔòÉÔòÉÔòÉÔòÉÔòÉÔòÉÔòÉÔòÉÔòÉÔòÉÔòÉÔòÉÔòÉÔòÉÔòÉÔòÉÔòÉÔòÉÔòÉÔòÉÔòÉÔòÉÔòÉÔòÉÔòÉÔòÉÔòÉÔòÉÔòÉÔòÉÔòÉÔòÉÔòÉÔòÉÔòÉÔòÉÔòÉÔòÉÔòÉÔòÉÔòÉÔòÉÔòÉÔòÉÔòÉÔòÉÔòÉÔòÉÔòÉÔòÉÔòÉÔòÉÔòÉÔòÉÔòÉÔòÉÔòÉÔòÉÔòÉÔòÉÔòÉÔòÉÔòÉÔòÉÔòÉÔòÉÔòÉÔòÉÔòÉ[0m
[33mÔÜá´©Å  Durchschnittliche Coverage: 72%. Ziel: 80% oder h├Âher.[0m
[1mÔòÉÔòÉÔòÉÔòÉÔòÉÔòÉÔòÉÔòÉÔòÉÔòÉÔòÉÔòÉÔòÉÔòÉÔòÉÔòÉÔòÉÔòÉÔòÉÔòÉÔòÉÔòÉÔòÉÔòÉÔòÉÔòÉÔòÉÔòÉÔòÉÔòÉÔòÉÔòÉÔòÉÔòÉÔòÉÔòÉÔòÉÔòÉÔòÉÔòÉÔòÉÔòÉÔòÉÔòÉÔòÉÔòÉÔòÉÔòÉÔòÉÔòÉÔòÉÔòÉÔòÉÔòÉÔòÉÔòÉÔòÉÔòÉÔòÉÔòÉÔòÉÔòÉÔòÉÔòÉÔòÉÔòÉÔòÉÔòÉÔòÉÔòÉÔòÉÔòÉÔòÉÔòÉÔòÉÔòÉÔòÉÔòÉÔòÉÔòÉÔòÉÔòÉÔòÉ
[0m
